root@DESKTOP-HQK2GIJ:~# sudo service redis-server start
root@DESKTOP-HQK2GIJ:~# redis-cli
127.0.0.1:6379> SET user:name "John Doe"
OK
127.0.0.1:6379> GET user:name
"John Doe"
127.0.0.1:6379> RPUSH user:fruits "apple" "banana" "orange"
(error) ERR unknown command 'RPUSH', with args beginning with: 'user:fruits' 'apple' 'banana' 'orange'
127.0.0.1:6379> LPUSH user:fruits "apple" "banana" "orange"
(integer) 3
127.0.0.1:6379> LRANGE user:fruits 0 3
1) "orange"
2) "banana"
3) "apple"
127.0.0.1:6379> SADD user:tags "red" "green" "blue"
(integer) 3
127.0.0.1:6379> SMEMBERS user:tags
1) "red"
2) "green"
3) "blue"
127.0.0.1:6379> DEL user:name
(integer) 1
127.0.0.1:6379> EXISTS user:name
(integer) 0
127.0.0.1:6379> HMSET
(error) ERR wrong number of arguments for 'hmset' command
127.0.0.1:6379> HMSET user:1 name "Alice" age 25
OK
127.0.0.1:6379> HGETALL user:1
1) "name"
2) "Alice"
3) "age"
4) "25"
127.0.0.1:6379> SET user2:counter 0
OK
127.0.0.1:6379> INCR user2:counter
(integer) 1
127.0.0.1:6379> GET user2:counter
"1"
127.0.0.1:6379> SETEX user:massage 60 "Hello, Redis"
OK
127.0.0.1:6379> FLUSHALL
OK
127.0.0.1:6379> GET user:name
(nil)
127.0.0.1:6379> GET user:tags
(nil)
127.0.0.1:6379> GEOADD geo_locations 49.84560088030742, 24.02608206573951 "Lviv Theatre of Opera and Ballet"
(error) ERR value is not a valid float
127.0.0.1:6379> GEOADD geo_locations 49.8456 24.0260 "Lviv Theatre of Opera and Ballet"
(integer) 1
127.0.0.1:6379> GEOADD geo_locations 49.8491 24.0391 "High Castle"
(integer) 1
127.0.0.1:6379> GEOADD geo_locations 49.7775 24.0287 "Arena Lviv"
(integer) 1
127.0.0.1:6379> GEODIST geo_locations
(error) ERR wrong number of arguments for 'geodist' command
127.0.0.1:6379>