root@DESKTOP-HQK2GIJ:~# sudo service redis-server start
root@DESKTOP-HQK2GIJ:~# redis-cli
127.0.0.1:6379> SET user:name "John Doe"
OK
127.0.0.1:6379> GET user:name
"John Doe"
127.0.0.1:6379> RPUSH user:fruits "apple" "banana" "orange"
(error) ERR unknown command 'RPUSH', with args beginning with: 'user:fruits' 'apple' 'banana' 'orange'
127.0.0.1:6379> LPUSH user:fruits "apple" "banana" "orange"
(integer) 3
127.0.0.1:6379> LRANGE user:fruits 0 3
1) "orange"
2) "banana"
3) "apple"
127.0.0.1:6379> SADD user:tags "red" "green" "blue"
(integer) 3
127.0.0.1:6379> SMEMBERS user:tags
1) "red"
2) "green"
3) "blue"
127.0.0.1:6379> DEL user:name
(integer) 1
127.0.0.1:6379> EXISTS user:name
(integer) 0
127.0.0.1:6379> HMSET user:1 name "Alice" age 25
OK
127.0.0.1:6379> HGETALL user:1
1) "name"
2) "Alice"
3) "age"
4) "25"
127.0.0.1:6379> SET user2:counter 0
OK
127.0.0.1:6379> INCR user2:counter
(integer) 1
127.0.0.1:6379> GET user2:counter
"1"
127.0.0.1:6379> SETEX user:massage 60 "Hello, Redis"
OK
127.0.0.1:6379>